// Jest Snapshot v1, https://goo.gl/fbAQLP

exports[`Pruebas en <TodoApp /> Debe mostrarse correctamente 1`] = `
<div
  className="p-5"
>
  <h1>
    TodoApp 
    0
     
  </h1>
  <hr />
  <div
    className="row"
  >
    <div
      className="col-7"
    >
      <TodoList
        handleDelete={[Function]}
        handleToggle={[Function]}
        todos={Array []}
      />
    </div>
    <div
      className="col-5"
    >
      <TodoAddForm
        handleAddTodo={[Function]}
      />
    </div>
  </div>
</div>
`;
