// Jest Snapshot v1, https://goo.gl/fbAQLP

exports[`Pruebas en <LoginScreen /> Debe mostrarse correctamente 1`] = `
<div
  className="p-5"
>
  <h1>
    LoginScreen
  </h1>
  <hr />
  <button
    className="btn btn-outline-primary"
    onClick={[Function]}
    type="button"
  >
    Login
  </button>
</div>
`;
